// Jest Snapshot v1, https://goo.gl/fbAQLP

exports[`Hello Component matches the snapshot 1`] = `
<DocumentFragment>
  <div>
    <h1>
      Snapshot test
    </h1>
  </div>
</DocumentFragment>
`;
